// Vitest Snapshot v1, https://vitest.dev/guide/snapshot.html

exports[`element 1`] = `
"const { toDisplayString: _toDisplayString, createElementVNode: _createElementVNode } = Vue
return function render(_ctx,_cache){ return _createElementVNode('div', null, 'hi, ' + _toDisplayString(_ctx.message)) }"
`;
